rml            H                   eduSong_Unicode.ttf
rmlv           V                   eduSong_Unicode.ttf

gbm            H                   ipag.ttf
gbmv           V                   ipag.ttf

%%% OTF package
hminr-h        H                   ipam.ttf
hminr-v        V                   ipam.ttf
otf-ujmr-h     UniJIS-UTF16-H      ipam.ttf
otf-ujmr-v     UniJIS-UTF16-V      ipam.ttf
otf-cjmr-h     Adobe-Japan1-6      ipam.ttf
otf-cjmr-v     Identity-V          ipam.ttf/AJ16

hgothr-h       H                   ipag.ttf
hgothr-v       V                   ipag.ttf
otf-ujgr-h     UniJIS-UTF16-H      ipag.ttf
otf-ujgr-v     UniJIS-UTF16-V      ipag.ttf
otf-cjgr-h     Adobe-Japan1-6      ipag.ttf
otf-cjgr-v     Identity-V          ipag.ttf/AJ16

otf-utmr-h     UniCNS-UTF16-H      uming.ttc
otf-utmr-v     UniCNS-UTF16-V      uming.ttc
otf-ctmr-h     Adobe-CNS1-5        uming.ttc
otf-ctmr-v     Identity-V          uming.ttc/AC15

otf-utgr-h     UniCNS-UTF16-H      edukai-3.ttf
otf-utgr-v     UniCNS-UTF16-V      edukai-3.ttf
otf-ctgr-h     Adobe-CNS1-5        edukai-3.ttf
otf-ctgr-v     Identity-V          edukai-3.ttf/AC15

hminb-h        H                   ipag.ttf
hminb-v        V                   ipag.ttf
otf-cjmb-v     V                   ipag.ttf
